// Jest Snapshot v1, https://goo.gl/fbAQLP

exports[`SearchBar renders without crashing 1`] = `
<form>
  <input
    className="FilterSearchBox"
    onChange={[Function]}
    placeholder="Search..."
    type="text"
    value=""
  />
  <br />
  <input
    checked={false}
    className="InStockCheckBox"
    onChange={[Function]}
    type="checkbox"
  />
  Only show products in stock
</form>
`;
