// Jest Snapshot v1, https://goo.gl/fbAQLP

exports[`ProductCategoryRow renders without crashing 1`] = `
<tr>
  <th
    colSpan="2"
  >
    Electronics
  </th>
</tr>
`;
